=== 第1回 開始（残り32組） 23:13 ===
=== 第1回 終了（残り32組） 23:13 ===
進まなかった。20分待つ
=== 第2回 開始（残り32組） 23:33 ===
=== 第2回 終了（残り32組） 23:33 ===
進まなかった。20分待つ
=== 第3回 開始（残り32組） 23:53 ===
=== 第3回 終了（残り32組） 23:53 ===
進まなかった。20分待つ
=== 第4回 開始（残り32組） 00:13 ===
=== 第4回 終了（残り32組） 00:13 ===
進まなかった。20分待つ
=== 第5回 開始（残り32組） 00:33 ===
=== 第5回 終了（残り1組） 01:42 ===
=== 第6回 開始（残り1組） 01:42 ===
=== 第6回 終了（残り0組） 01:46 ===
# AI読 いまの状態（データから機械的に出したもの）

## ① 見張り: 動いている（1.7日前）
   68ページ確認 / 変わった 29 / 消えた 0

## ② 測定条件（揃っていないと公開できない）
   tennyu     24自治体  揃っている
   jidouteate 24自治体  揃っている
   sodaigomi  24自治体  揃っている

## ③ 虱潰し（候補を全部読んだか）
   tennyu     見つけた 3 / 書いていない 29 / 言えない 1
   jidouteate 見つけた 4 / 書いていない 24 / 言えない 2
   sodaigomi  見つけた 9 / 書いていない 26 / 言えない 4
   計          見つけた16 / 書いていない 79 / 言えない 7（304ページ読了）

## ④ 読めない底: 7本のURLが塞いでいる

## ⑤ 公開データ
   tennyu     0.0日前 / 条件あり
   jidouteate 0.0日前 / 条件あり
   sodaigomi  0.0日前 / 条件あり

## 次にやること
   - 見張りが29件の変化を見つけている。測り直す対象を選ぶ（見張りは自動では測り直さない）
