--- chiyoda tennyu
/opt/homebrew/Cellar/python@3.14/3.14.6/Frameworks/Python.framework/Versions/3.14/Resources/Python.app/Contents/MacOS/Python: can't open file 'extractor/extract.py': [Errno 1] Operation not permitted
--- kita tennyu
/opt/homebrew/Cellar/python@3.14/3.14.6/Frameworks/Python.framework/Versions/3.14/Resources/Python.app/Contents/MacOS/Python: can't open file 'extractor/extract.py': [Errno 1] Operation not permitted
--- nakano tennyu
/opt/homebrew/Cellar/python@3.14/3.14.6/Frameworks/Python.framework/Versions/3.14/Resources/Python.app/Contents/MacOS/Python: can't open file 'extractor/extract.py': [Errno 1] Operation not permitted
--- shinagawa tennyu
/opt/homebrew/Cellar/python@3.14/3.14.6/Frameworks/Python.framework/Versions/3.14/Resources/Python.app/Contents/MacOS/Python: can't open file 'extractor/extract.py': [Errno 1] Operation not permitted
--- suginami tennyu
/opt/homebrew/Cellar/python@3.14/3.14.6/Frameworks/Python.framework/Versions/3.14/Resources/Python.app/Contents/MacOS/Python: can't open file 'extractor/extract.py': [Errno 1] Operation not permitted
--- sumida tennyu
/opt/homebrew/Cellar/python@3.14/3.14.6/Frameworks/Python.framework/Versions/3.14/Resources/Python.app/Contents/MacOS/Python: can't open file 'extractor/extract.py': [Errno 1] Operation not permitted
--- taito tennyu
/opt/homebrew/Cellar/python@3.14/3.14.6/Frameworks/Python.framework/Versions/3.14/Resources/Python.app/Contents/MacOS/Python: can't open file 'extractor/extract.py': [Errno 1] Operation not permitted
--- toshima tennyu
/opt/homebrew/Cellar/python@3.14/3.14.6/Frameworks/Python.framework/Versions/3.14/Resources/Python.app/Contents/MacOS/Python: can't open file 'extractor/extract.py': [Errno 1] Operation not permitted
--- adachi sodaigomi
/opt/homebrew/Cellar/python@3.14/3.14.6/Frameworks/Python.framework/Versions/3.14/Resources/Python.app/Contents/MacOS/Python: can't open file 'extractor/extract.py': [Errno 1] Operation not permitted
--- arakawa sodaigomi
/opt/homebrew/Cellar/python@3.14/3.14.6/Frameworks/Python.framework/Versions/3.14/Resources/Python.app/Contents/MacOS/Python: can't open file 'extractor/extract.py': [Errno 1] Operation not permitted
--- bunkyo sodaigomi
/opt/homebrew/Cellar/python@3.14/3.14.6/Frameworks/Python.framework/Versions/3.14/Resources/Python.app/Contents/MacOS/Python: can't open file 'extractor/extract.py': [Errno 1] Operation not permitted
--- chiyoda sodaigomi
/opt/homebrew/Cellar/python@3.14/3.14.6/Frameworks/Python.framework/Versions/3.14/Resources/Python.app/Contents/MacOS/Python: can't open file 'extractor/extract.py': [Errno 1] Operation not permitted
--- chuo sodaigomi
/opt/homebrew/Cellar/python@3.14/3.14.6/Frameworks/Python.framework/Versions/3.14/Resources/Python.app/Contents/MacOS/Python: can't open file 'extractor/extract.py': [Errno 1] Operation not permitted
--- edogawa sodaigomi
/opt/homebrew/Cellar/python@3.14/3.14.6/Frameworks/Python.framework/Versions/3.14/Resources/Python.app/Contents/MacOS/Python: can't open file 'extractor/extract.py': [Errno 1] Operation not permitted
--- hachioji sodaigomi
/opt/homebrew/Cellar/python@3.14/3.14.6/Frameworks/Python.framework/Versions/3.14/Resources/Python.app/Contents/MacOS/Python: can't open file 'extractor/extract.py': [Errno 1] Operation not permitted
--- itabashi sodaigomi
/opt/homebrew/Cellar/python@3.14/3.14.6/Frameworks/Python.framework/Versions/3.14/Resources/Python.app/Contents/MacOS/Python: can't open file 'extractor/extract.py': [Errno 1] Operation not permitted
--- katsushika sodaigomi
/opt/homebrew/Cellar/python@3.14/3.14.6/Frameworks/Python.framework/Versions/3.14/Resources/Python.app/Contents/MacOS/Python: can't open file 'extractor/extract.py': [Errno 1] Operation not permitted
--- kita sodaigomi
/opt/homebrew/Cellar/python@3.14/3.14.6/Frameworks/Python.framework/Versions/3.14/Resources/Python.app/Contents/MacOS/Python: can't open file 'extractor/extract.py': [Errno 1] Operation not permitted
--- koto sodaigomi
/opt/homebrew/Cellar/python@3.14/3.14.6/Frameworks/Python.framework/Versions/3.14/Resources/Python.app/Contents/MacOS/Python: can't open file 'extractor/extract.py': [Errno 1] Operation not permitted
--- meguro sodaigomi
/opt/homebrew/Cellar/python@3.14/3.14.6/Frameworks/Python.framework/Versions/3.14/Resources/Python.app/Contents/MacOS/Python: can't open file 'extractor/extract.py': [Errno 1] Operation not permitted
--- adachi jidouteate
/opt/homebrew/Cellar/python@3.14/3.14.6/Frameworks/Python.framework/Versions/3.14/Resources/Python.app/Contents/MacOS/Python: can't open file 'extractor/extract.py': [Errno 1] Operation not permitted
--- arakawa jidouteate
/opt/homebrew/Cellar/python@3.14/3.14.6/Frameworks/Python.framework/Versions/3.14/Resources/Python.app/Contents/MacOS/Python: can't open file 'extractor/extract.py': [Errno 1] Operation not permitted
--- bunkyo jidouteate
/opt/homebrew/Cellar/python@3.14/3.14.6/Frameworks/Python.framework/Versions/3.14/Resources/Python.app/Contents/MacOS/Python: can't open file 'extractor/extract.py': [Errno 1] Operation not permitted
--- chiyoda jidouteate
/opt/homebrew/Cellar/python@3.14/3.14.6/Frameworks/Python.framework/Versions/3.14/Resources/Python.app/Contents/MacOS/Python: can't open file 'extractor/extract.py': [Errno 1] Operation not permitted
--- chuo jidouteate
/opt/homebrew/Cellar/python@3.14/3.14.6/Frameworks/Python.framework/Versions/3.14/Resources/Python.app/Contents/MacOS/Python: can't open file 'extractor/extract.py': [Errno 1] Operation not permitted
--- edogawa jidouteate
/opt/homebrew/Cellar/python@3.14/3.14.6/Frameworks/Python.framework/Versions/3.14/Resources/Python.app/Contents/MacOS/Python: can't open file 'extractor/extract.py': [Errno 1] Operation not permitted
--- hachioji jidouteate
/opt/homebrew/Cellar/python@3.14/3.14.6/Frameworks/Python.framework/Versions/3.14/Resources/Python.app/Contents/MacOS/Python: can't open file 'extractor/extract.py': [Errno 1] Operation not permitted
--- itabashi jidouteate
/opt/homebrew/Cellar/python@3.14/3.14.6/Frameworks/Python.framework/Versions/3.14/Resources/Python.app/Contents/MacOS/Python: can't open file 'extractor/extract.py': [Errno 1] Operation not permitted
--- katsushika jidouteate
/opt/homebrew/Cellar/python@3.14/3.14.6/Frameworks/Python.framework/Versions/3.14/Resources/Python.app/Contents/MacOS/Python: can't open file 'extractor/extract.py': [Errno 1] Operation not permitted
--- kita jidouteate
/opt/homebrew/Cellar/python@3.14/3.14.6/Frameworks/Python.framework/Versions/3.14/Resources/Python.app/Contents/MacOS/Python: can't open file 'extractor/extract.py': [Errno 1] Operation not permitted
--- koto jidouteate
/opt/homebrew/Cellar/python@3.14/3.14.6/Frameworks/Python.framework/Versions/3.14/Resources/Python.app/Contents/MacOS/Python: can't open file 'extractor/extract.py': [Errno 1] Operation not permitted
--- meguro jidouteate
/opt/homebrew/Cellar/python@3.14/3.14.6/Frameworks/Python.framework/Versions/3.14/Resources/Python.app/Contents/MacOS/Python: can't open file 'extractor/extract.py': [Errno 1] Operation not permitted
--- minato jidouteate
/opt/homebrew/Cellar/python@3.14/3.14.6/Frameworks/Python.framework/Versions/3.14/Resources/Python.app/Contents/MacOS/Python: can't open file 'extractor/extract.py': [Errno 1] Operation not permitted
--- nakano jidouteate
/opt/homebrew/Cellar/python@3.14/3.14.6/Frameworks/Python.framework/Versions/3.14/Resources/Python.app/Contents/MacOS/Python: can't open file 'extractor/extract.py': [Errno 1] Operation not permitted
--- nerima jidouteate
/opt/homebrew/Cellar/python@3.14/3.14.6/Frameworks/Python.framework/Versions/3.14/Resources/Python.app/Contents/MacOS/Python: can't open file 'extractor/extract.py': [Errno 1] Operation not permitted
--- ota jidouteate
/opt/homebrew/Cellar/python@3.14/3.14.6/Frameworks/Python.framework/Versions/3.14/Resources/Python.app/Contents/MacOS/Python: can't open file 'extractor/extract.py': [Errno 1] Operation not permitted
--- setagaya jidouteate
/opt/homebrew/Cellar/python@3.14/3.14.6/Frameworks/Python.framework/Versions/3.14/Resources/Python.app/Contents/MacOS/Python: can't open file 'extractor/extract.py': [Errno 1] Operation not permitted
--- shibuya jidouteate
/opt/homebrew/Cellar/python@3.14/3.14.6/Frameworks/Python.framework/Versions/3.14/Resources/Python.app/Contents/MacOS/Python: can't open file 'extractor/extract.py': [Errno 1] Operation not permitted
--- shinagawa jidouteate
/opt/homebrew/Cellar/python@3.14/3.14.6/Frameworks/Python.framework/Versions/3.14/Resources/Python.app/Contents/MacOS/Python: can't open file 'extractor/extract.py': [Errno 1] Operation not permitted
--- shinjuku jidouteate
/opt/homebrew/Cellar/python@3.14/3.14.6/Frameworks/Python.framework/Versions/3.14/Resources/Python.app/Contents/MacOS/Python: can't open file 'extractor/extract.py': [Errno 1] Operation not permitted
--- suginami jidouteate
/opt/homebrew/Cellar/python@3.14/3.14.6/Frameworks/Python.framework/Versions/3.14/Resources/Python.app/Contents/MacOS/Python: can't open file 'extractor/extract.py': [Errno 1] Operation not permitted
--- sumida jidouteate
/opt/homebrew/Cellar/python@3.14/3.14.6/Frameworks/Python.framework/Versions/3.14/Resources/Python.app/Contents/MacOS/Python: can't open file 'extractor/extract.py': [Errno 1] Operation not permitted
--- taito jidouteate
/opt/homebrew/Cellar/python@3.14/3.14.6/Frameworks/Python.framework/Versions/3.14/Resources/Python.app/Contents/MacOS/Python: can't open file 'extractor/extract.py': [Errno 1] Operation not permitted
--- toshima jidouteate
/opt/homebrew/Cellar/python@3.14/3.14.6/Frameworks/Python.framework/Versions/3.14/Resources/Python.app/Contents/MacOS/Python: can't open file 'extractor/extract.py': [Errno 1] Operation not permitted
