壊れているキャッシュ: 60本 / 204.3 MB
  直らない   7483644バイト (前 13433541) status=200 ty.adachi.tokyo.jp/documents/2950/guide2026_0-77.pdf
  直った   2791498バイト (前 5055657) status=200 w.city.arakawa.tokyo.jp/documents/568/mapb240311.pdf
  直った   1765875バイト (前 3012026) status=200 y.bunkyo.lg.jp/documents/959/sodaigomiitiran0806.pdf
  直った    461369バイト (前 762301) status=200 g.jp/documents/12923/kodomomedhipa_youkoukakutei.pdf
  直った    275972バイト (前 401862) status=200 .bunkyo.lg.jp/documents/9434/ninnyoumousikomisho.pdf
  直った    668118バイト (前 1191940) status=200 ity.bunkyo.lg.jp/documents/957/gominabitirasiura.pdf
  直った    746071バイト (前 1378528) status=200 jp/documents/12923/kodomomedhipa_chirashikakutei.pdf
  直った    432897バイト (前 688548) status=200 w.city.chiyoda.lg.jp/documents/1958/ichiranhyo_2.pdf
  直った    122006バイト (前 209403) status=200 ency/bousai/m12873/saigai/p035635_d/fil/hinanzyo.pdf
  直った    181395バイト (前 317711) status=200 cts/default_project/_page_/001/025/128/sinseisyo.pdf
  直った    199320バイト (前 350024) status=200 ojects/default_project/_page_/001/025/128/youryo.pdf
  直った   1505555バイト (前 2707992) status=200 fuusuigai/hinanshisetsu-manual.files/modelmanual.pdf
  直らない   2449546バイト (前 2449546) status=200 hida.tokyo.jp/kodomo/kosodate/netrepo.files/repo.pdf
  直った   1242681バイト (前 2228882) status=200 y.minato.tokyo.jp/documents/67227/r6sodairyoukin.pdf
  直らない   1392497バイト (前 2460926) status=200 /kodomo/teateiryo/josei.files/kodomo_tebiki_2025.pdf
  直らない         0バイト (前 35768355) status=0 usai/suigai/hazardmap.files/20260226_Yasashi_ALL.pdf
  直った    143048バイト (前 255004) status=200 kyo.jp/seikatsu/gomi/shigentogomi/sodai.files/01.pdf
  直った    230313バイト (前 402232) status=200 idouteate/jitekaisei.files/ninteiseikyuukisairei.pdf
  直った     81526バイト (前 141928) status=200 atsu/gomi/shigentogomi/sodai.files/sodaigomi_fax.pdf
  直った   1070240バイト (前 1921001) status=200 u/chiiki/bousai/topics/hinanjodx.files/dx_kiyaku.pdf
  直った   2745502バイト (前 4721984) status=200 hiiki/bousai/topics/hinanjodx.files/dx_chirashi2.pdf
  直らない         0バイト (前 34081787) status=0 hiiki/bousai/suigai/hazardmap.files/20260226_ALL.pdf
  直った    137525バイト (前 203013) status=200 outeate.files/r7ouenteate_jukyukyohi_todokedesho.pdf
  直った    310970バイト (前 463372) status=200 teate.files/r7ouenteate_kouzatouroku_todokedesho.pdf
  直った    454919バイト (前 815594) status=200 r7bukkadakataiouteate.files/ouennteatetirashipdf.pdf
  直った    155605バイト (前 276402) status=200 eikatsu/gomi/shigentogomi/sodai.files/sodaitirai.pdf
  直った    177847バイト (前 309551) status=200 teate/jidouteate/jitekaisei.files/ninnteiseikyuu.pdf
  直らない         0バイト (前 1208950) status=404 .city.setagaya.lg.jp/documents/605/r7_dosya_0304.pdf
  直った     43261バイト (前 69020) status=200 www.city.setagaya.lg.jp/documents/27658/harigami.pdf
  直った    124646バイト (前 215261) status=200 ps://www.city.setagaya.lg.jp/documents/381/annai.pdf
  直った    397990バイト (前 700575) status=200 /documents/640/documents640hinannkizyun_20260528.pdf
  直った    133281バイト (前 236403) status=200 ty.setagaya.lg.jp/documents/5455/komae_hinanjo_2.pdf
  直らない         0バイト (前 11823211) status=404 w.city.setagaya.lg.jp/documents/605/r7_dosya_all.pdf
  直った    656202バイト (前 1148740) status=200 etagaya.lg.jp/documents/18187/jidouteatesinsesho.pdf
  直らない         0バイト (前 870771) status=404 www.city.setagaya.lg.jp/documents/605/r7_dosya_1.pdf
  直った    878090バイト (前 1566168) status=200 setagaya.lg.jp/documents/18187/jidouteategoannai.pdf
  直った    202886バイト (前 310300) status=200 .city.shinagawa.tokyo.jp/ct/pdf/20250321132249_5.pdf
  直った    142053バイト (前 257044) status=200 w.city.shinagawa.tokyo.jp/ct/pdf/hpg000027168_52.pdf
  直った     26834バイト (前 46014) status=200 ankyo/kankyo-gomi/kankyo-gomi-topi/SODAIHARIGAMI.pdf
  直った     44544バイト (前 77997) status=200 kyo-gomi/kankyo-gomi-topi/SODAIHARIGAMI_KINYUREI.pdf
  直らない    141199バイト (前 141199) status=200 hinagawa.tokyo.jp/ct/pdf/20241025kokugaitennyu_1.pdf
  直った     82220バイト (前 147885) status=200 w.city.shinagawa.tokyo.jp/ct/pdf/hpg000027168_51.pdf
  直った    541371バイト (前 930181) status=200 .city.shinagawa.tokyo.jp/ct/pdf/20250321132249_7.pdf
  直った   1282319バイト (前 2202682) status=200 inami.tokyo.jp/documents/727/sodai_itiran5080401.pdf
  直った     16965バイト (前 28367) status=200 /gomi_dashikata/sodaidasu/onkessai.files/youshi.docx
  直った     15549バイト (前 25479) status=200 daidasu/onkessai.files/ryousyuusyohakkouiraisyo.docx
  直った    355683バイト (前 613055) status=200 _kosodate/natsu-kouryusitsu.files/20260905kaihou.pdf
  直った    126574バイト (前 227476) status=200 ashikata/sodaidasu/index.files/tesuuryou20250301.pdf
  直った    207405バイト (前 374763) status=200 teikei/gomi-calendar.files/01syusyucalender_0804.pdf
  直った    421205バイト (前 755713) status=200 teikei/gomi-calendar.files/02syusyucalender_0804.pdf
  直らない         0バイト (前 888274) status=404 oukago/kodomokyoushitu.files/R8_houkago_pamphlet.pdf
  直らない    725280バイト (前 1290245) status=200 u_houkago/houkago/kodomokyoushitu.files/R8shiori.pdf
  直った    858523バイト (前 1498089) status=200 /keikaku/kakusyupanfuretto/gomitoshigen.files/10.pdf
  直らない    342693バイト (前 597208) status=200 ago/kodomokyoushitu.files/R8_houkago_ichiran.pdf.pdf
  直った    321504バイト (前 568389) status=200 sesshu/kodomoyobousesshu.files/mr_kutan_20260624.pdf
  直った    292165バイト (前 520783) status=200 usesshu/kodomoyobousesshu.files/otahuku_20260624.pdf
  直った    411472バイト (前 720885) status=200 ukago/kodomokyoushitu.files/houkago_kodomokurabu.pdf
  直らない    376234バイト (前 376234) status=200 mynumber/tennyutodoke.files/ininjotokureitennnyu.pdf
  直った    110550バイト (前 176548) status=200 ity.toshima.lg.jp/documents/42508/20251006112929.pdf
  直らない         0バイト (前 57678782) status=0 p/documents/d/seikatubunka/passport_goannai_20260401

取り直した 60本: 直った 46 / 直らない 14
